Scenario: grep for hello and find it on the first line
hello
This basic grep was brought to you by:
-- ProAgile --

