Scenario: grep for something and find nothing
This basic grep was brought to you by:
-- ProAgile --

